// Jest Snapshot v1, https://goo.gl/fbAQLP

exports[`BookShelf renders correctly 1`] = `
<div
  className="bookshelf"
>
  <h2
    className="bookshelf-title"
  />
  <div
    className="bookshelf-books"
  >
    <ol
      className="books-grid"
    />
  </div>
</div>
`;
