// Jest Snapshot v1, https://goo.gl/fbAQLP

exports[`BookLoader renders correctly 1`] = `
<div
  className="book-loader"
>
  <div
    className="book-page"
  />
  <div
    className="book-page"
  />
  <div
    className="book-page"
  />
</div>
`;
