// Jest Snapshot v1, https://goo.gl/fbAQLP

exports[`BooksGrid renders correctly 1`] = `
<ol
  className="books-grid"
/>
`;
