// Jest Snapshot v1, https://goo.gl/fbAQLP

exports[`SearchBar renders correctly 1`] = `
<div
  className="search-books-input-wrapper"
>
  <input
    onChange={[Function]}
    placeholder="Search by title or author"
    type="text"
    value=""
  />
</div>
`;
